// Jest Snapshot v1, https://goo.gl/fbAQLP

exports[`UsersList component renders correctly 1`] = `
<div
  className="sc-AxheI cxMVRd"
/>
`;
